2026-05-06 09:06:49,394 [INFO] [vol_surge_vol30_0905] 프로세스 시작 | 진입: 09:05
2026-05-06 09:06:49,395 [INFO] === [vol_surge_vol30_0905] 매수 실행 ===
2026-05-06 09:06:49,395 [INFO] 거래량 상위 종목 조회 중...
2026-05-06 09:06:53,808 [INFO]   TIGER 반도체TOP10 ETF → 제외
2026-05-06 09:06:53,810 [INFO]   RISE 코리아밸류업 ETF → 제외
2026-05-06 09:06:53,810 [INFO]   KODEX 200 ETF → 제외
2026-05-06 09:06:53,811 [INFO]   KODEX 증권 ETF → 제외
2026-05-06 09:06:53,811 [INFO]   TIGER 코리아TOP10 ETF → 제외
2026-05-06 09:06:53,812 [INFO]   KODEX 반도체 ETF → 제외
2026-05-06 09:06:53,812 [INFO]   ACE AI반도체TOP3+ ETF → 제외
2026-05-06 09:06:53,812 [INFO]   TIGER 200 IT ETF → 제외
2026-05-06 09:06:53,812 [INFO]   TIGER 200 ETF → 제외
2026-05-06 09:06:53,812 [INFO]   RISE 200 ETF → 제외
2026-05-06 09:06:53,812 [INFO]   SOL 글로벌AI반도체탑픽액티브 ETF → 제외
2026-05-06 09:06:53,812 [INFO] 등락률 5.0% ~ 10.0% 필터 후: 10개
2026-05-06 09:06:54,743 [INFO]   SK증권 전일거래량 없음 → 제외
2026-05-06 09:06:55,735 [INFO]   파워넷 전일거래량 없음 → 제외
2026-05-06 09:06:56,740 [INFO]   프로이천 전일거래량 없음 → 제외
2026-05-06 09:06:58,464 [INFO]   삼성전자우 전일거래량 없음 → 제외
2026-05-06 09:06:59,306 [INFO]   제주반도체 전일거래량 없음 → 제외
2026-05-06 09:07:00,582 [INFO]   1Q K반도체TOP2+ 전일거래량 없음 → 제외
2026-05-06 09:07:01,331 [INFO]   삼성증권 전일거래량 없음 → 제외
2026-05-06 09:07:02,123 [INFO]   스마트레이더시스템 전일거래량 없음 → 제외
2026-05-06 09:07:02,879 [INFO]   SK증권우 전일거래량 없음 → 제외
2026-05-06 09:07:03,698 [INFO]   키움 코스피 200 TR ETN 전일거래량 없음 → 제외
2026-05-06 09:07:03,699 [INFO] 최종 선택 0개: []
2026-05-06 09:07:03,699 [INFO] 매수 대상 종목 없음
2026-05-06 15:20:10,500 [INFO] [vol_surge_vol30_0905] 15:20 — 미청산 포지션 없음
2026-05-06 15:30:12,236 [INFO] [vol_surge_vol30_0905] 결산 전송 완료
2026-05-06 15:30:12,237 [INFO] [vol_surge_vol30_0905] 오늘 거래 완료. 프로세스 종료.
