2026-05-06 09:06:49,394 [INFO] [vol_surge_0915] 프로세스 시작 | 진입: 09:15
2026-05-06 09:15:19,605 [INFO] === [vol_surge_0915] 매수 실행 ===
2026-05-06 09:15:19,619 [INFO] 거래량 상위 종목 조회 중...
2026-05-06 09:15:29,850 [INFO]   TIGER 반도체TOP10 ETF → 제외
2026-05-06 09:15:29,851 [INFO]   SOL AI반도체TOP2플러스 ETF → 제외
2026-05-06 09:15:29,851 [INFO]   KODEX 200 ETF → 제외
2026-05-06 09:15:29,851 [INFO]   KODEX 증권 ETF → 제외
2026-05-06 09:15:29,851 [INFO]   RISE 코리아밸류업 ETF → 제외
2026-05-06 09:15:29,851 [INFO]   TIGER 코리아TOP10 ETF → 제외
2026-05-06 09:15:29,852 [INFO]   HANARO Fn K-반도체 ETF → 제외
2026-05-06 09:15:29,852 [INFO]   KODEX 반도체 ETF → 제외
2026-05-06 09:15:29,852 [INFO]   KODEX AI반도체 ETF → 제외
2026-05-06 09:15:29,853 [INFO]   RISE 네트워크인프라 ETF → 제외
2026-05-06 09:15:29,853 [INFO]   TIGER 200 IT ETF → 제외
2026-05-06 09:15:29,853 [INFO]   TIGER 200 ETF → 제외
2026-05-06 09:15:29,853 [INFO] 등락률 5.0% ~ 10.0% 필터 후: 11개
2026-05-06 09:15:31,520 [INFO]   한온시스템(018880) 등락률 5.57% 체결강도 0.0
2026-05-06 09:15:33,274 [INFO]   대원전선(006340) 등락률 8.99% 체결강도 0.0
2026-05-06 09:15:37,055 [INFO]   파워넷(037030) 등락률 9.01% 체결강도 0.0
2026-05-06 09:15:37,483 [INFO]   아진엑스텍(059120) 등락률 5.18% 체결강도 0.0
2026-05-06 09:15:40,847 [INFO]   삼성전자우(005935) 등락률 7.96% 체결강도 0.0
2026-05-06 09:15:41,446 [INFO]   미투온(201490) 등락률 9.89% 체결강도 0.0
2026-05-06 09:15:42,925 [INFO]   LG전자(066570) 등락률 7.26% 체결강도 0.0
2026-05-06 09:15:43,323 [INFO]   WON 반도체밸류체인액티브(474590) 등락률 5.55% 체결강도 0.0
2026-05-06 09:15:44,775 [INFO]   삼성증권(016360) 등락률 7.25% 체결강도 0.0
2026-05-06 09:15:46,322 [INFO]   1Q K반도체TOP2+(0182R0) 등락률 6.15% 체결강도 0.0
2026-05-06 09:15:48,053 [INFO]   키움 코스피 200 TR ETN(Q760007) 등락률 5.74% 체결강도 0.0
2026-05-06 09:15:48,154 [INFO] 최종 선택 3개: ['한온시스템', '대원전선', '파워넷']
2026-05-06 09:15:58,817 [INFO] [매수] 한온시스템(018880) 196주  주문번호=None
2026-05-06 09:16:00,553 [INFO] [포지션 등록] 한온시스템(018880) 196주 @ 5,090원 [vol_surge_0915]
2026-05-06 09:16:04,338 [INFO] [매수] 대원전선(006340) 52주  주문번호=None
2026-05-06 09:16:06,008 [INFO] [포지션 등록] 대원전선(006340) 52주 @ 18,920원 [vol_surge_0915]
2026-05-06 09:16:13,318 [INFO] [매수] 파워넷(037030) 122주  주문번호=None
2026-05-06 09:16:14,993 [INFO] [포지션 등록] 파워넷(037030) 122주 @ 8,150원 [vol_surge_0915]
2026-05-06 09:16:16,171 [INFO] [모니터] 한온시스템(018880) [vol_surge_0915] 매입 5,090 → 현재 5,080 (-0.20%)
2026-05-06 09:16:19,253 [INFO] [모니터] 대원전선(006340) [vol_surge_0915] 매입 18,920 → 현재 19,340 (+2.22%)
2026-05-06 09:16:19,254 [INFO] [익절] 대원전선(006340) [vol_surge_0915] +2.22% → 매도
2026-05-06 09:16:24,279 [INFO] [모니터] 파워넷(037030) [vol_surge_0915] 매입 8,150 → 현재 8,310 (+1.96%)
2026-05-06 09:16:55,136 [INFO] [모니터] 한온시스템(018880) [vol_surge_0915] 매입 5,090 → 현재 5,120 (+0.59%)
2026-05-06 09:16:56,136 [INFO] [모니터] 파워넷(037030) [vol_surge_0915] 매입 8,150 → 현재 8,220 (+0.86%)
2026-05-06 09:17:27,002 [INFO] [모니터] 한온시스템(018880) [vol_surge_0915] 매입 5,090 → 현재 5,120 (+0.59%)
2026-05-06 09:17:27,887 [INFO] [모니터] 파워넷(037030) [vol_surge_0915] 매입 8,150 → 현재 8,240 (+1.10%)
2026-05-06 09:17:59,034 [INFO] [모니터] 한온시스템(018880) [vol_surge_0915] 매입 5,090 → 현재 5,110 (+0.39%)
2026-05-06 09:18:00,883 [INFO] [모니터] 파워넷(037030) [vol_surge_0915] 매입 8,150 → 현재 8,530 (+4.66%)
2026-05-06 09:18:00,883 [INFO] [익절] 파워넷(037030) [vol_surge_0915] +4.66% → 매도
2026-05-06 09:18:34,622 [INFO] [모니터] 한온시스템(018880) [vol_surge_0915] 매입 5,090 → 현재 5,150 (+1.18%)
2026-05-06 09:19:05,617 [INFO] [모니터] 한온시스템(018880) [vol_surge_0915] 매입 5,090 → 현재 5,170 (+1.57%)
2026-05-06 09:19:36,580 [INFO] [모니터] 한온시스템(018880) [vol_surge_0915] 매입 5,090 → 현재 5,150 (+1.18%)
2026-05-06 09:20:08,320 [INFO] [모니터] 한온시스템(018880) [vol_surge_0915] 매입 5,090 → 현재 5,200 (+2.16%)
2026-05-06 09:20:08,321 [INFO] [익절] 한온시스템(018880) [vol_surge_0915] +2.16% → 매도
2026-05-06 15:20:15,955 [INFO] [vol_surge_0915] 15:20 — 미청산 포지션 없음
2026-05-06 15:30:18,016 [INFO] [vol_surge_0915] 결산 전송 완료
2026-05-06 15:30:18,017 [INFO] [vol_surge_0915] 오늘 거래 완료. 프로세스 종료.
