2026-05-06 09:06:29,766 [INFO] [vol_surge] 프로세스 시작 | 진입: 09:10
2026-05-06 09:06:49,394 [INFO] [vol_surge] 프로세스 시작 | 진입: 09:10
2026-05-06 09:10:19,573 [INFO] === [vol_surge] 매수 실행 ===
2026-05-06 09:10:19,589 [INFO] 거래량 상위 종목 조회 중...
2026-05-06 09:10:25,895 [INFO]   SOL AI반도체TOP2플러스 ETF → 제외
2026-05-06 09:10:25,896 [INFO]   KODEX 200 ETF → 제외
2026-05-06 09:10:25,897 [INFO]   KODEX 증권 ETF → 제외
2026-05-06 09:10:25,897 [INFO]   TIGER 200 ETF → 제외
2026-05-06 09:10:25,897 [INFO]   TIGER 200 IT ETF → 제외
2026-05-06 09:10:25,898 [INFO]   RISE ESG사회책임투자 ETF → 제외
2026-05-06 09:10:25,898 [INFO]   RISE 200 ETF → 제외
2026-05-06 09:10:25,898 [INFO]   KODEX 반도체레버리지 ETF → 제외
2026-05-06 09:10:25,898 [INFO]   SOL 글로벌AI반도체탑픽액티브 ETF → 제외
2026-05-06 09:10:25,899 [INFO] 등락률 5.0% ~ 10.0% 필터 후: 9개
2026-05-06 09:10:27,627 [INFO]   프로이천(321260) 등락률 5.88% 체결강도 0.0
2026-05-06 09:10:29,290 [INFO]   아진엑스텍(059120) 등락률 5.18% 체결강도 0.0
2026-05-06 09:10:30,233 [INFO]   삼성전자우(005935) 등락률 6.31% 체결강도 0.0
2026-05-06 09:10:31,185 [INFO]   미래에셋증권(006800) 등락률 5.83% 체결강도 0.0
2026-05-06 09:10:33,890 [INFO]   오로스테크놀로지(322310) 등락률 9.59% 체결강도 0.0
2026-05-06 09:10:34,812 [INFO]   1Q K반도체TOP2+(0182R0) 등락률 5.13% 체결강도 0.0
2026-05-06 09:10:35,746 [INFO]   삼성증권(016360) 등락률 5.15% 체결강도 0.0
2026-05-06 09:10:37,746 [INFO]   SK증권우(001515) 등락률 5.49% 체결강도 0.0
2026-05-06 09:10:39,600 [INFO]   키움 코스피 200 TR ETN(Q760007) 등락률 5.07% 체결강도 0.0
2026-05-06 09:10:39,702 [INFO] 최종 선택 3개: ['프로이천', '아진엑스텍', '삼성전자우']
2026-05-06 09:10:44,634 [INFO] [매수] 프로이천(321260) 292주  주문번호=None
2026-05-06 09:10:46,308 [INFO] [포지션 등록] 프로이천(321260) 292주 @ 3,415원 [vol_surge]
2026-05-06 09:10:51,226 [INFO] [매수] 아진엑스텍(059120) 82주  주문번호=None
2026-05-06 09:10:52,998 [INFO] [포지션 등록] 아진엑스텍(059120) 82주 @ 12,160원 [vol_surge]
2026-05-06 09:10:58,635 [INFO] [매수] 삼성전자우(005935) 5주  주문번호=None
2026-05-06 09:11:00,414 [INFO] [포지션 등록] 삼성전자우(005935) 5주 @ 180,200원 [vol_surge]
2026-05-06 09:11:01,862 [INFO] [모니터] 프로이천(321260) [vol_surge] 매입 3,415 → 현재 3,435 (+0.59%)
2026-05-06 09:11:03,387 [INFO] [모니터] 아진엑스텍(059120) [vol_surge] 매입 12,160 → 현재 12,170 (+0.08%)
2026-05-06 09:11:04,486 [INFO] [모니터] 삼성전자우(005935) [vol_surge] 매입 180,200 → 현재 180,300 (+0.06%)
2026-05-06 09:11:35,444 [INFO] [모니터] 프로이천(321260) [vol_surge] 매입 3,415 → 현재 3,460 (+1.32%)
2026-05-06 09:11:36,503 [INFO] [모니터] 아진엑스텍(059120) [vol_surge] 매입 12,160 → 현재 12,250 (+0.74%)
2026-05-06 09:11:37,459 [INFO] [모니터] 삼성전자우(005935) [vol_surge] 매입 180,200 → 현재 183,800 (+2.00%)
2026-05-06 09:11:40,255 [INFO] [모니터] SOL AI반도체TOP2플러스(0167A0) [vol_surge] 매입 16,680 → 현재 17,040 (+2.16%)
2026-05-06 09:11:40,256 [INFO] [익절] SOL AI반도체TOP2플러스(0167A0) [vol_surge] +2.16% → 매도
2026-05-06 09:11:41,110 [ERROR] [모니터 오류] 0167A0: 500 Server Error: Internal Server Error for url: https://openapivts.koreainvestment.com:29443/uapi/domestic-stock/v1/trading/order-cash
2026-05-06 09:11:41,964 [INFO] [모니터] 프로이천(321260) [vol_surge] 매입 3,440 → 현재 3,410 (-0.87%)
2026-05-06 09:11:42,886 [INFO] [모니터] KODEX 200(069500) [vol_surge] 매입 111,150 → 현재 111,420 (+0.24%)
2026-05-06 09:12:13,804 [INFO] [모니터] 프로이천(321260) [vol_surge] 매입 3,415 → 현재 3,390 (-0.73%)
2026-05-06 09:12:14,790 [INFO] [모니터] 아진엑스텍(059120) [vol_surge] 매입 12,160 → 현재 12,340 (+1.48%)
2026-05-06 09:12:15,680 [INFO] [모니터] 삼성전자우(005935) [vol_surge] 매입 180,200 → 현재 183,900 (+2.05%)
2026-05-06 09:12:15,680 [INFO] [익절] 삼성전자우(005935) [vol_surge] +2.05% → 매도
2026-05-06 09:12:19,512 [INFO] [모니터] SOL AI반도체TOP2플러스(0167A0) [vol_surge] 매입 16,680 → 현재 17,480 (+4.80%)
2026-05-06 09:12:19,512 [INFO] [익절] SOL AI반도체TOP2플러스(0167A0) [vol_surge] +4.80% → 매도
2026-05-06 09:12:20,369 [ERROR] [모니터 오류] 0167A0: 500 Server Error: Internal Server Error for url: https://openapivts.koreainvestment.com:29443/uapi/domestic-stock/v1/trading/order-cash
2026-05-06 09:12:21,205 [INFO] [모니터] 프로이천(321260) [vol_surge] 매입 3,440 → 현재 3,380 (-1.74%)
2026-05-06 09:12:22,095 [INFO] [모니터] KODEX 200(069500) [vol_surge] 매입 111,150 → 현재 111,585 (+0.39%)
2026-05-06 09:12:53,001 [INFO] [모니터] 프로이천(321260) [vol_surge] 매입 3,415 → 현재 3,410 (-0.15%)
2026-05-06 09:12:53,919 [INFO] [모니터] 아진엑스텍(059120) [vol_surge] 매입 12,160 → 현재 12,210 (+0.41%)
2026-05-06 09:12:54,845 [INFO] [모니터] 프로이천(321260) [vol_surge] 매입 3,440 → 현재 3,405 (-1.02%)
2026-05-06 09:12:55,736 [INFO] [모니터] KODEX 200(069500) [vol_surge] 매입 111,150 → 현재 111,640 (+0.44%)
2026-05-06 09:13:26,967 [INFO] [모니터] 프로이천(321260) [vol_surge] 매입 3,415 → 현재 3,415 (+0.00%)
2026-05-06 09:13:27,382 [INFO] [모니터] 아진엑스텍(059120) [vol_surge] 매입 12,160 → 현재 12,220 (+0.49%)
2026-05-06 09:13:28,318 [INFO] [모니터] 프로이천(321260) [vol_surge] 매입 3,440 → 현재 3,415 (-0.73%)
2026-05-06 09:13:29,297 [INFO] [모니터] KODEX 200(069500) [vol_surge] 매입 111,150 → 현재 111,590 (+0.40%)
2026-05-06 09:13:59,755 [INFO] [모니터] 프로이천(321260) [vol_surge] 매입 3,415 → 현재 3,450 (+1.02%)
2026-05-06 09:14:00,238 [INFO] [모니터] 아진엑스텍(059120) [vol_surge] 매입 12,160 → 현재 12,230 (+0.58%)
2026-05-06 09:14:00,694 [INFO] [모니터] 프로이천(321260) [vol_surge] 매입 3,440 → 현재 3,450 (+0.29%)
2026-05-06 09:14:02,441 [INFO] [모니터] KODEX 200(069500) [vol_surge] 매입 111,150 → 현재 111,545 (+0.36%)
2026-05-06 09:14:33,582 [INFO] [모니터] 프로이천(321260) [vol_surge] 매입 3,415 → 현재 3,395 (-0.59%)
2026-05-06 09:14:33,977 [INFO] [모니터] 아진엑스텍(059120) [vol_surge] 매입 12,160 → 현재 12,180 (+0.16%)
2026-05-06 09:14:34,371 [INFO] [모니터] 프로이천(321260) [vol_surge] 매입 3,440 → 현재 3,390 (-1.45%)
2026-05-06 09:14:35,689 [INFO] [모니터] KODEX 200(069500) [vol_surge] 매입 111,150 → 현재 111,575 (+0.38%)
2026-05-06 09:15:06,099 [INFO] [모니터] 프로이천(321260) [vol_surge] 매입 3,415 → 현재 3,400 (-0.44%)
2026-05-06 09:15:08,658 [INFO] [모니터] 아진엑스텍(059120) [vol_surge] 매입 12,160 → 현재 12,290 (+1.07%)
2026-05-06 09:15:09,057 [INFO] [모니터] 프로이천(321260) [vol_surge] 매입 3,440 → 현재 3,390 (-1.45%)
2026-05-06 09:15:09,477 [INFO] [모니터] KODEX 200(069500) [vol_surge] 매입 111,150 → 현재 111,695 (+0.49%)
2026-05-06 09:15:39,984 [INFO] [모니터] 프로이천(321260) [vol_surge] 매입 3,415 → 현재 3,375 (-1.17%)
2026-05-06 09:15:40,463 [INFO] [모니터] 아진엑스텍(059120) [vol_surge] 매입 12,160 → 현재 12,120 (-0.33%)
2026-05-06 09:15:43,517 [INFO] [모니터] 프로이천(321260) [vol_surge] 매입 3,440 → 현재 3,380 (-1.74%)
2026-05-06 09:15:46,387 [INFO] [모니터] KODEX 200(069500) [vol_surge] 매입 111,150 → 현재 111,865 (+0.64%)
2026-05-06 09:16:21,686 [INFO] [모니터] 프로이천(321260) [vol_surge] 매입 3,415 → 현재 3,360 (-1.61%)
2026-05-06 09:16:24,159 [INFO] [모니터] 아진엑스텍(059120) [vol_surge] 매입 12,160 → 현재 12,060 (-0.82%)
2026-05-06 09:16:25,142 [INFO] [모니터] 프로이천(321260) [vol_surge] 매입 3,440 → 현재 3,355 (-2.47%)
2026-05-06 09:16:25,142 [INFO] [손절] 프로이천(321260) [vol_surge] -2.47% → 매도
2026-05-06 09:16:29,406 [INFO] [모니터] KODEX 200(069500) [vol_surge] 매입 111,150 → 현재 111,805 (+0.59%)
2026-05-06 09:17:00,429 [INFO] [모니터] 프로이천(321260) [vol_surge] 매입 3,415 → 현재 3,340 (-2.20%)
2026-05-06 09:17:00,430 [INFO] [손절] 프로이천(321260) [vol_surge] -2.20% → 매도
2026-05-06 09:17:04,305 [INFO] [모니터] 아진엑스텍(059120) [vol_surge] 매입 12,160 → 현재 11,980 (-1.48%)
2026-05-06 09:17:05,772 [INFO] [모니터] KODEX 200(069500) [vol_surge] 매입 111,150 → 현재 111,650 (+0.45%)
2026-05-06 09:17:36,656 [INFO] [모니터] 아진엑스텍(059120) [vol_surge] 매입 12,160 → 현재 11,870 (-2.38%)
2026-05-06 09:17:36,656 [INFO] [손절] 아진엑스텍(059120) [vol_surge] -2.38% → 매도
2026-05-06 09:17:44,735 [INFO] [모니터] KODEX 200(069500) [vol_surge] 매입 111,150 → 현재 111,755 (+0.54%)
2026-05-06 09:18:15,692 [INFO] [모니터] KODEX 200(069500) [vol_surge] 매입 111,150 → 현재 111,735 (+0.53%)
2026-05-06 09:18:46,633 [INFO] [모니터] KODEX 200(069500) [vol_surge] 매입 111,150 → 현재 111,890 (+0.67%)
2026-05-06 09:19:17,506 [INFO] [모니터] KODEX 200(069500) [vol_surge] 매입 111,150 → 현재 111,915 (+0.69%)
2026-05-06 09:19:48,405 [INFO] [모니터] KODEX 200(069500) [vol_surge] 매입 111,150 → 현재 111,935 (+0.71%)
2026-05-06 09:20:21,158 [INFO] [모니터] KODEX 200(069500) [vol_surge] 매입 111,150 → 현재 111,860 (+0.64%)
2026-05-06 09:20:52,102 [INFO] [모니터] KODEX 200(069500) [vol_surge] 매입 111,150 → 현재 111,675 (+0.47%)
2026-05-06 09:21:23,049 [INFO] [모니터] KODEX 200(069500) [vol_surge] 매입 111,150 → 현재 111,690 (+0.49%)
2026-05-06 09:21:55,910 [INFO] [모니터] KODEX 200(069500) [vol_surge] 매입 111,150 → 현재 111,670 (+0.47%)
2026-05-06 09:22:26,914 [INFO] [모니터] KODEX 200(069500) [vol_surge] 매입 111,150 → 현재 111,760 (+0.55%)
2026-05-06 09:22:57,873 [INFO] [모니터] KODEX 200(069500) [vol_surge] 매입 111,150 → 현재 111,995 (+0.76%)
2026-05-06 09:23:29,259 [INFO] [모니터] KODEX 200(069500) [vol_surge] 매입 111,150 → 현재 111,950 (+0.72%)
2026-05-06 09:24:00,208 [INFO] [모니터] KODEX 200(069500) [vol_surge] 매입 111,150 → 현재 112,015 (+0.78%)
2026-05-06 09:24:31,226 [INFO] [모니터] KODEX 200(069500) [vol_surge] 매입 111,150 → 현재 112,080 (+0.84%)
2026-05-06 09:25:02,301 [INFO] [모니터] KODEX 200(069500) [vol_surge] 매입 111,150 → 현재 112,135 (+0.89%)
2026-05-06 09:25:33,995 [INFO] [모니터] KODEX 200(069500) [vol_surge] 매입 111,150 → 현재 112,255 (+0.99%)
2026-05-06 09:26:05,689 [INFO] [모니터] KODEX 200(069500) [vol_surge] 매입 111,150 → 현재 112,245 (+0.99%)
2026-05-06 09:26:37,644 [INFO] [모니터] KODEX 200(069500) [vol_surge] 매입 111,150 → 현재 112,270 (+1.01%)
2026-05-06 09:27:10,328 [INFO] [모니터] KODEX 200(069500) [vol_surge] 매입 111,150 → 현재 112,130 (+0.88%)
2026-05-06 09:27:41,788 [INFO] [모니터] KODEX 200(069500) [vol_surge] 매입 111,150 → 현재 111,645 (+0.45%)
2026-05-06 09:28:14,558 [INFO] [모니터] KODEX 200(069500) [vol_surge] 매입 111,150 → 현재 111,645 (+0.45%)
2026-05-06 09:28:45,551 [INFO] [모니터] KODEX 200(069500) [vol_surge] 매입 111,150 → 현재 111,700 (+0.49%)
2026-05-06 09:29:16,535 [INFO] [모니터] KODEX 200(069500) [vol_surge] 매입 111,150 → 현재 111,580 (+0.39%)
2026-05-06 09:29:48,247 [INFO] [모니터] KODEX 200(069500) [vol_surge] 매입 111,150 → 현재 111,660 (+0.46%)
2026-05-06 09:30:18,741 [INFO] [모니터] KODEX 200(069500) [vol_surge] 매입 111,150 → 현재 111,300 (+0.13%)
2026-05-06 09:30:50,658 [INFO] [모니터] KODEX 200(069500) [vol_surge] 매입 111,150 → 현재 111,405 (+0.23%)
2026-05-06 09:31:21,432 [INFO] [모니터] KODEX 200(069500) [vol_surge] 매입 111,150 → 현재 111,580 (+0.39%)
2026-05-06 09:31:52,000 [INFO] [모니터] KODEX 200(069500) [vol_surge] 매입 111,150 → 현재 111,630 (+0.43%)
2026-05-06 09:32:22,520 [INFO] [모니터] KODEX 200(069500) [vol_surge] 매입 111,150 → 현재 111,690 (+0.49%)
2026-05-06 09:32:53,335 [INFO] [모니터] KODEX 200(069500) [vol_surge] 매입 111,150 → 현재 111,785 (+0.57%)
2026-05-06 09:33:24,145 [INFO] [모니터] KODEX 200(069500) [vol_surge] 매입 111,150 → 현재 111,730 (+0.52%)
2026-05-06 09:33:55,621 [INFO] [모니터] KODEX 200(069500) [vol_surge] 매입 111,150 → 현재 111,495 (+0.31%)
2026-05-06 09:34:26,182 [INFO] [모니터] KODEX 200(069500) [vol_surge] 매입 111,150 → 현재 111,675 (+0.47%)
2026-05-06 09:34:56,768 [INFO] [모니터] KODEX 200(069500) [vol_surge] 매입 111,150 → 현재 111,890 (+0.67%)
2026-05-06 09:35:27,281 [INFO] [모니터] KODEX 200(069500) [vol_surge] 매입 111,150 → 현재 111,815 (+0.60%)
2026-05-06 09:35:57,780 [INFO] [모니터] KODEX 200(069500) [vol_surge] 매입 111,150 → 현재 111,670 (+0.47%)
2026-05-06 09:36:29,695 [INFO] [모니터] KODEX 200(069500) [vol_surge] 매입 111,150 → 현재 111,745 (+0.54%)
2026-05-06 09:37:00,176 [INFO] [모니터] KODEX 200(069500) [vol_surge] 매입 111,150 → 현재 111,745 (+0.54%)
2026-05-06 09:37:31,878 [INFO] [모니터] KODEX 200(069500) [vol_surge] 매입 111,150 → 현재 111,745 (+0.54%)
2026-05-06 09:38:02,362 [INFO] [모니터] KODEX 200(069500) [vol_surge] 매입 111,150 → 현재 111,740 (+0.53%)
2026-05-06 09:38:32,909 [INFO] [모니터] KODEX 200(069500) [vol_surge] 매입 111,150 → 현재 111,780 (+0.57%)
2026-05-06 09:39:04,097 [INFO] [모니터] KODEX 200(069500) [vol_surge] 매입 111,150 → 현재 111,770 (+0.56%)
2026-05-06 09:39:34,577 [INFO] [모니터] KODEX 200(069500) [vol_surge] 매입 111,150 → 현재 111,870 (+0.65%)
2026-05-06 09:40:05,256 [INFO] [모니터] KODEX 200(069500) [vol_surge] 매입 111,150 → 현재 111,775 (+0.56%)
2026-05-06 09:40:36,279 [INFO] [모니터] KODEX 200(069500) [vol_surge] 매입 111,150 → 현재 111,840 (+0.62%)
2026-05-06 09:41:06,707 [INFO] [모니터] KODEX 200(069500) [vol_surge] 매입 111,150 → 현재 111,960 (+0.73%)
2026-05-06 09:41:37,154 [INFO] [모니터] KODEX 200(069500) [vol_surge] 매입 111,150 → 현재 112,070 (+0.83%)
2026-05-06 09:42:07,594 [INFO] [모니터] KODEX 200(069500) [vol_surge] 매입 111,150 → 현재 112,090 (+0.85%)
2026-05-06 09:42:38,038 [INFO] [모니터] KODEX 200(069500) [vol_surge] 매입 111,150 → 현재 112,065 (+0.82%)
2026-05-06 09:43:10,948 [INFO] [모니터] KODEX 200(069500) [vol_surge] 매입 111,150 → 현재 112,090 (+0.85%)
2026-05-06 09:43:41,935 [INFO] [모니터] KODEX 200(069500) [vol_surge] 매입 111,150 → 현재 112,070 (+0.83%)
2026-05-06 09:44:12,760 [INFO] [모니터] KODEX 200(069500) [vol_surge] 매입 111,150 → 현재 112,095 (+0.85%)
2026-05-06 09:44:43,216 [INFO] [모니터] KODEX 200(069500) [vol_surge] 매입 111,150 → 현재 112,070 (+0.83%)
2026-05-06 09:45:14,520 [INFO] [모니터] KODEX 200(069500) [vol_surge] 매입 111,150 → 현재 112,045 (+0.81%)
2026-05-06 09:45:46,658 [INFO] [모니터] KODEX 200(069500) [vol_surge] 매입 111,150 → 현재 112,140 (+0.89%)
2026-05-06 09:46:19,025 [INFO] [모니터] KODEX 200(069500) [vol_surge] 매입 111,150 → 현재 112,170 (+0.92%)
2026-05-06 09:46:49,503 [INFO] [모니터] KODEX 200(069500) [vol_surge] 매입 111,150 → 현재 112,145 (+0.90%)
2026-05-06 09:47:20,664 [INFO] [모니터] KODEX 200(069500) [vol_surge] 매입 111,150 → 현재 112,115 (+0.87%)
2026-05-06 09:47:51,691 [INFO] [모니터] KODEX 200(069500) [vol_surge] 매입 111,150 → 현재 112,170 (+0.92%)
2026-05-06 09:48:22,183 [INFO] [모니터] KODEX 200(069500) [vol_surge] 매입 111,150 → 현재 112,170 (+0.92%)
2026-05-06 09:48:52,809 [INFO] [모니터] KODEX 200(069500) [vol_surge] 매입 111,150 → 현재 112,200 (+0.94%)
2026-05-06 09:49:23,752 [INFO] [모니터] KODEX 200(069500) [vol_surge] 매입 111,150 → 현재 112,085 (+0.84%)
2026-05-06 09:49:54,256 [INFO] [모니터] KODEX 200(069500) [vol_surge] 매입 111,150 → 현재 112,115 (+0.87%)
2026-05-06 09:50:24,753 [INFO] [모니터] KODEX 200(069500) [vol_surge] 매입 111,150 → 현재 112,295 (+1.03%)
2026-05-06 09:50:56,015 [INFO] [모니터] KODEX 200(069500) [vol_surge] 매입 111,150 → 현재 112,415 (+1.14%)
2026-05-06 09:51:27,306 [INFO] [모니터] KODEX 200(069500) [vol_surge] 매입 111,150 → 현재 112,520 (+1.23%)
2026-05-06 09:51:58,070 [INFO] [모니터] KODEX 200(069500) [vol_surge] 매입 111,150 → 현재 112,435 (+1.16%)
2026-05-06 09:52:28,591 [INFO] [모니터] KODEX 200(069500) [vol_surge] 매입 111,150 → 현재 112,435 (+1.16%)
2026-05-06 09:52:59,111 [INFO] [모니터] KODEX 200(069500) [vol_surge] 매입 111,150 → 현재 112,320 (+1.05%)
2026-05-06 09:53:29,532 [INFO] [모니터] KODEX 200(069500) [vol_surge] 매입 111,150 → 현재 112,355 (+1.08%)
2026-05-06 09:54:00,012 [INFO] [모니터] KODEX 200(069500) [vol_surge] 매입 111,150 → 현재 112,425 (+1.15%)
2026-05-06 09:54:30,444 [INFO] [모니터] KODEX 200(069500) [vol_surge] 매입 111,150 → 현재 112,440 (+1.16%)
2026-05-06 09:55:00,861 [INFO] [모니터] KODEX 200(069500) [vol_surge] 매입 111,150 → 현재 112,375 (+1.10%)
2026-05-06 09:55:31,903 [INFO] [모니터] KODEX 200(069500) [vol_surge] 매입 111,150 → 현재 112,520 (+1.23%)
2026-05-06 09:56:02,325 [INFO] [모니터] KODEX 200(069500) [vol_surge] 매입 111,150 → 현재 112,540 (+1.25%)
2026-05-06 09:56:34,211 [INFO] [모니터] KODEX 200(069500) [vol_surge] 매입 111,150 → 현재 112,650 (+1.35%)
2026-05-06 09:57:04,628 [INFO] [모니터] KODEX 200(069500) [vol_surge] 매입 111,150 → 현재 112,685 (+1.38%)
2026-05-06 09:57:35,075 [INFO] [모니터] KODEX 200(069500) [vol_surge] 매입 111,150 → 현재 112,670 (+1.37%)
2026-05-06 09:58:05,524 [INFO] [모니터] KODEX 200(069500) [vol_surge] 매입 111,150 → 현재 112,695 (+1.39%)
2026-05-06 09:58:35,961 [INFO] [모니터] KODEX 200(069500) [vol_surge] 매입 111,150 → 현재 112,600 (+1.30%)
2026-05-06 09:59:06,386 [INFO] [모니터] KODEX 200(069500) [vol_surge] 매입 111,150 → 현재 112,610 (+1.31%)
2026-05-06 09:59:37,033 [INFO] [모니터] KODEX 200(069500) [vol_surge] 매입 111,150 → 현재 112,600 (+1.30%)
2026-05-06 10:00:08,778 [INFO] [모니터] KODEX 200(069500) [vol_surge] 매입 111,150 → 현재 112,535 (+1.25%)
2026-05-06 10:00:41,572 [INFO] [모니터] KODEX 200(069500) [vol_surge] 매입 111,150 → 현재 112,500 (+1.21%)
2026-05-06 10:01:13,927 [INFO] [모니터] KODEX 200(069500) [vol_surge] 매입 111,150 → 현재 112,405 (+1.13%)
2026-05-06 10:01:44,433 [INFO] [모니터] KODEX 200(069500) [vol_surge] 매입 111,150 → 현재 112,600 (+1.30%)
2026-05-06 10:02:14,949 [INFO] [모니터] KODEX 200(069500) [vol_surge] 매입 111,150 → 현재 112,645 (+1.35%)
2026-05-06 10:02:45,454 [INFO] [모니터] KODEX 200(069500) [vol_surge] 매입 111,150 → 현재 112,575 (+1.28%)
2026-05-06 10:03:16,685 [INFO] [모니터] KODEX 200(069500) [vol_surge] 매입 111,150 → 현재 112,640 (+1.34%)
2026-05-06 10:03:47,148 [INFO] [모니터] KODEX 200(069500) [vol_surge] 매입 111,150 → 현재 112,680 (+1.38%)
2026-05-06 10:04:17,736 [INFO] [모니터] KODEX 200(069500) [vol_surge] 매입 111,150 → 현재 112,625 (+1.33%)
2026-05-06 10:04:48,182 [INFO] [모니터] KODEX 200(069500) [vol_surge] 매입 111,150 → 현재 112,475 (+1.19%)
2026-05-06 10:05:18,776 [INFO] [모니터] KODEX 200(069500) [vol_surge] 매입 111,150 → 현재 112,550 (+1.26%)
2026-05-06 10:05:49,607 [INFO] [모니터] KODEX 200(069500) [vol_surge] 매입 111,150 → 현재 112,570 (+1.28%)
2026-05-06 10:06:20,054 [INFO] [모니터] KODEX 200(069500) [vol_surge] 매입 111,150 → 현재 112,525 (+1.24%)
2026-05-06 10:06:51,647 [INFO] [모니터] KODEX 200(069500) [vol_surge] 매입 111,150 → 현재 112,520 (+1.23%)
2026-05-06 10:07:22,779 [INFO] [모니터] KODEX 200(069500) [vol_surge] 매입 111,150 → 현재 112,225 (+0.97%)
2026-05-06 10:07:53,218 [INFO] [모니터] KODEX 200(069500) [vol_surge] 매입 111,150 → 현재 112,325 (+1.06%)
2026-05-06 10:08:23,738 [INFO] [모니터] KODEX 200(069500) [vol_surge] 매입 111,150 → 현재 112,470 (+1.19%)
2026-05-06 10:08:54,331 [INFO] [모니터] KODEX 200(069500) [vol_surge] 매입 111,150 → 현재 112,470 (+1.19%)
2026-05-06 10:09:24,784 [INFO] [모니터] KODEX 200(069500) [vol_surge] 매입 111,150 → 현재 112,415 (+1.14%)
2026-05-06 10:09:55,772 [INFO] [모니터] KODEX 200(069500) [vol_surge] 매입 111,150 → 현재 112,405 (+1.13%)
2026-05-06 10:10:27,284 [INFO] [모니터] KODEX 200(069500) [vol_surge] 매입 111,150 → 현재 112,400 (+1.12%)
2026-05-06 10:10:57,706 [INFO] [모니터] KODEX 200(069500) [vol_surge] 매입 111,150 → 현재 112,405 (+1.13%)
2026-05-06 10:11:28,170 [INFO] [모니터] KODEX 200(069500) [vol_surge] 매입 111,150 → 현재 112,520 (+1.23%)
2026-05-06 10:11:58,578 [INFO] [모니터] KODEX 200(069500) [vol_surge] 매입 111,150 → 현재 112,480 (+1.20%)
2026-05-06 10:12:29,171 [INFO] [모니터] KODEX 200(069500) [vol_surge] 매입 111,150 → 현재 112,420 (+1.14%)
2026-05-06 10:12:59,720 [INFO] [모니터] KODEX 200(069500) [vol_surge] 매입 111,150 → 현재 112,420 (+1.14%)
2026-05-06 10:13:31,161 [INFO] [모니터] KODEX 200(069500) [vol_surge] 매입 111,150 → 현재 112,250 (+0.99%)
2026-05-06 10:14:03,473 [INFO] [모니터] KODEX 200(069500) [vol_surge] 매입 111,150 → 현재 112,305 (+1.04%)
2026-05-06 10:14:35,742 [INFO] [모니터] KODEX 200(069500) [vol_surge] 매입 111,150 → 현재 112,185 (+0.93%)
2026-05-06 10:15:06,224 [INFO] [모니터] KODEX 200(069500) [vol_surge] 매입 111,150 → 현재 112,255 (+0.99%)
2026-05-06 10:15:36,668 [INFO] [모니터] KODEX 200(069500) [vol_surge] 매입 111,150 → 현재 112,125 (+0.88%)
2026-05-06 10:16:07,304 [INFO] [모니터] KODEX 200(069500) [vol_surge] 매입 111,150 → 현재 112,220 (+0.96%)
2026-05-06 10:16:43,208 [INFO] [모니터] KODEX 200(069500) [vol_surge] 매입 111,150 → 현재 112,340 (+1.07%)
2026-05-06 10:17:13,740 [INFO] [모니터] KODEX 200(069500) [vol_surge] 매입 111,150 → 현재 112,305 (+1.04%)
2026-05-06 10:17:44,567 [INFO] [모니터] KODEX 200(069500) [vol_surge] 매입 111,150 → 현재 112,335 (+1.07%)
2026-05-06 10:18:15,092 [INFO] [모니터] KODEX 200(069500) [vol_surge] 매입 111,150 → 현재 112,305 (+1.04%)
2026-05-06 10:18:47,243 [INFO] [모니터] KODEX 200(069500) [vol_surge] 매입 111,150 → 현재 112,300 (+1.03%)
2026-05-06 10:19:22,547 [INFO] [모니터] KODEX 200(069500) [vol_surge] 매입 111,150 → 현재 112,265 (+1.00%)
2026-05-06 10:19:53,219 [INFO] [모니터] KODEX 200(069500) [vol_surge] 매입 111,150 → 현재 112,160 (+0.91%)
2026-05-06 10:20:32,781 [ERROR] [모니터 오류] 069500: 500 Server Error: Internal Server Error for url: https://openapivts.koreainvestment.com:29443/uapi/domestic-stock/v1/quotations/inquire-price?FID_COND_MRKT_DIV_CODE=J&FID_INPUT_ISCD=069500
2026-05-06 10:21:03,341 [INFO] [모니터] KODEX 200(069500) [vol_surge] 매입 111,150 → 현재 112,050 (+0.81%)
2026-05-06 10:21:35,377 [INFO] [모니터] KODEX 200(069500) [vol_surge] 매입 111,150 → 현재 112,035 (+0.80%)
2026-05-06 10:22:07,219 [INFO] [모니터] KODEX 200(069500) [vol_surge] 매입 111,150 → 현재 111,900 (+0.67%)
2026-05-06 10:22:42,209 [INFO] [모니터] KODEX 200(069500) [vol_surge] 매입 111,150 → 현재 111,915 (+0.69%)
2026-05-06 10:23:16,942 [INFO] [모니터] KODEX 200(069500) [vol_surge] 매입 111,150 → 현재 112,075 (+0.83%)
2026-05-06 10:23:49,394 [INFO] [모니터] KODEX 200(069500) [vol_surge] 매입 111,150 → 현재 111,935 (+0.71%)
2026-05-06 10:24:22,895 [INFO] [모니터] KODEX 200(069500) [vol_surge] 매입 111,150 → 현재 111,990 (+0.76%)
2026-05-06 10:24:55,284 [INFO] [모니터] KODEX 200(069500) [vol_surge] 매입 111,150 → 현재 111,870 (+0.65%)
2026-05-06 10:25:31,616 [ERROR] [모니터 오류] 069500: 500 Server Error: Internal Server Error for url: https://openapivts.koreainvestment.com:29443/uapi/domestic-stock/v1/quotations/inquire-price?FID_COND_MRKT_DIV_CODE=J&FID_INPUT_ISCD=069500
2026-05-06 10:26:07,233 [ERROR] [모니터 오류] 069500: 500 Server Error: Internal Server Error for url: https://openapivts.koreainvestment.com:29443/uapi/domestic-stock/v1/quotations/inquire-price?FID_COND_MRKT_DIV_CODE=J&FID_INPUT_ISCD=069500
2026-05-06 10:26:42,284 [INFO] [모니터] KODEX 200(069500) [vol_surge] 매입 111,150 → 현재 111,795 (+0.58%)
2026-05-06 10:27:17,774 [ERROR] [모니터 오류] 069500: 500 Server Error: Internal Server Error for url: https://openapivts.koreainvestment.com:29443/uapi/domestic-stock/v1/quotations/inquire-price?FID_COND_MRKT_DIV_CODE=J&FID_INPUT_ISCD=069500
2026-05-06 10:27:51,340 [INFO] [모니터] KODEX 200(069500) [vol_surge] 매입 111,150 → 현재 111,860 (+0.64%)
2026-05-06 10:28:21,922 [INFO] [모니터] KODEX 200(069500) [vol_surge] 매입 111,150 → 현재 111,940 (+0.71%)
2026-05-06 10:28:56,586 [INFO] [모니터] KODEX 200(069500) [vol_surge] 매입 111,150 → 현재 111,905 (+0.68%)
2026-05-06 10:29:27,471 [INFO] [모니터] KODEX 200(069500) [vol_surge] 매입 111,150 → 현재 111,940 (+0.71%)
2026-05-06 10:29:58,435 [INFO] [모니터] KODEX 200(069500) [vol_surge] 매입 111,150 → 현재 111,885 (+0.66%)
2026-05-06 10:30:29,126 [INFO] [모니터] KODEX 200(069500) [vol_surge] 매입 111,150 → 현재 111,955 (+0.72%)
2026-05-06 10:31:00,702 [INFO] [모니터] KODEX 200(069500) [vol_surge] 매입 111,150 → 현재 111,955 (+0.72%)
2026-05-06 10:31:31,209 [INFO] [모니터] KODEX 200(069500) [vol_surge] 매입 111,150 → 현재 112,140 (+0.89%)
2026-05-06 10:32:01,861 [INFO] [모니터] KODEX 200(069500) [vol_surge] 매입 111,150 → 현재 112,190 (+0.94%)
2026-05-06 10:32:32,850 [INFO] [모니터] KODEX 200(069500) [vol_surge] 매입 111,150 → 현재 112,345 (+1.08%)
2026-05-06 10:33:06,501 [INFO] [모니터] KODEX 200(069500) [vol_surge] 매입 111,150 → 현재 112,335 (+1.07%)
2026-05-06 10:33:41,132 [ERROR] [모니터 오류] 069500: 500 Server Error: Internal Server Error for url: https://openapivts.koreainvestment.com:29443/uapi/domestic-stock/v1/quotations/inquire-price?FID_COND_MRKT_DIV_CODE=J&FID_INPUT_ISCD=069500
2026-05-06 10:34:11,555 [INFO] [모니터] KODEX 200(069500) [vol_surge] 매입 111,150 → 현재 112,405 (+1.13%)
2026-05-06 10:34:42,096 [INFO] [모니터] KODEX 200(069500) [vol_surge] 매입 111,150 → 현재 112,440 (+1.16%)
2026-05-06 10:35:15,805 [INFO] [모니터] KODEX 200(069500) [vol_surge] 매입 111,150 → 현재 112,485 (+1.20%)
2026-05-06 10:35:46,330 [INFO] [모니터] KODEX 200(069500) [vol_surge] 매입 111,150 → 현재 112,520 (+1.23%)
2026-05-06 10:36:19,204 [INFO] [모니터] KODEX 200(069500) [vol_surge] 매입 111,150 → 현재 112,525 (+1.24%)
2026-05-06 10:37:02,393 [ERROR] [모니터 오류] 069500: 500 Server Error: Internal Server Error for url: https://openapivts.koreainvestment.com:29443/uapi/domestic-stock/v1/quotations/inquire-price?FID_COND_MRKT_DIV_CODE=J&FID_INPUT_ISCD=069500
2026-05-06 10:37:34,254 [INFO] [모니터] KODEX 200(069500) [vol_surge] 매입 111,150 → 현재 112,465 (+1.18%)
2026-05-06 10:38:06,276 [INFO] [모니터] KODEX 200(069500) [vol_surge] 매입 111,150 → 현재 112,450 (+1.17%)
2026-05-06 10:38:37,637 [INFO] [모니터] KODEX 200(069500) [vol_surge] 매입 111,150 → 현재 112,505 (+1.22%)
2026-05-06 10:39:08,245 [INFO] [모니터] KODEX 200(069500) [vol_surge] 매입 111,150 → 현재 112,500 (+1.21%)
2026-05-06 10:39:38,709 [INFO] [모니터] KODEX 200(069500) [vol_surge] 매입 111,150 → 현재 112,410 (+1.13%)
2026-05-06 10:40:14,059 [INFO] [모니터] KODEX 200(069500) [vol_surge] 매입 111,150 → 현재 112,395 (+1.12%)
2026-05-06 10:40:48,734 [INFO] [모니터] KODEX 200(069500) [vol_surge] 매입 111,150 → 현재 112,420 (+1.14%)
2026-05-06 10:41:19,330 [INFO] [모니터] KODEX 200(069500) [vol_surge] 매입 111,150 → 현재 112,375 (+1.10%)
2026-05-06 10:41:50,928 [INFO] [모니터] KODEX 200(069500) [vol_surge] 매입 111,150 → 현재 112,430 (+1.15%)
2026-05-06 10:42:21,437 [INFO] [모니터] KODEX 200(069500) [vol_surge] 매입 111,150 → 현재 112,285 (+1.02%)
2026-05-06 10:43:01,257 [ERROR] [모니터 오류] 069500: 500 Server Error: Internal Server Error for url: https://openapivts.koreainvestment.com:29443/uapi/domestic-stock/v1/quotations/inquire-price?FID_COND_MRKT_DIV_CODE=J&FID_INPUT_ISCD=069500
2026-05-06 10:43:36,652 [ERROR] [모니터 오류] 069500: 500 Server Error: Internal Server Error for url: https://openapivts.koreainvestment.com:29443/uapi/domestic-stock/v1/quotations/inquire-price?FID_COND_MRKT_DIV_CODE=J&FID_INPUT_ISCD=069500
2026-05-06 10:44:14,073 [INFO] [모니터] KODEX 200(069500) [vol_surge] 매입 111,150 → 현재 112,515 (+1.23%)
2026-05-06 10:44:46,022 [INFO] [모니터] KODEX 200(069500) [vol_surge] 매입 111,150 → 현재 112,600 (+1.30%)
2026-05-06 10:45:17,593 [INFO] [모니터] KODEX 200(069500) [vol_surge] 매입 111,150 → 현재 112,650 (+1.35%)
2026-05-06 10:45:48,066 [INFO] [모니터] KODEX 200(069500) [vol_surge] 매입 111,150 → 현재 112,685 (+1.38%)
2026-05-06 10:46:18,492 [INFO] [모니터] KODEX 200(069500) [vol_surge] 매입 111,150 → 현재 112,690 (+1.39%)
2026-05-06 10:46:50,871 [INFO] [모니터] KODEX 200(069500) [vol_surge] 매입 111,150 → 현재 112,650 (+1.35%)
2026-05-06 10:47:25,619 [INFO] [모니터] KODEX 200(069500) [vol_surge] 매입 111,150 → 현재 112,680 (+1.38%)
2026-05-06 10:47:56,418 [INFO] [모니터] KODEX 200(069500) [vol_surge] 매입 111,150 → 현재 112,680 (+1.38%)
2026-05-06 10:48:28,367 [INFO] [모니터] KODEX 200(069500) [vol_surge] 매입 111,150 → 현재 112,720 (+1.41%)
2026-05-06 10:49:02,871 [ERROR] [모니터 오류] 069500: 500 Server Error: Internal Server Error for url: https://openapivts.koreainvestment.com:29443/uapi/domestic-stock/v1/quotations/inquire-price?FID_COND_MRKT_DIV_CODE=J&FID_INPUT_ISCD=069500
2026-05-06 10:49:37,352 [INFO] [모니터] KODEX 200(069500) [vol_surge] 매입 111,150 → 현재 112,735 (+1.43%)
2026-05-06 10:50:09,236 [INFO] [모니터] KODEX 200(069500) [vol_surge] 매입 111,150 → 현재 112,740 (+1.43%)
2026-05-06 10:50:41,087 [INFO] [모니터] KODEX 200(069500) [vol_surge] 매입 111,150 → 현재 112,705 (+1.40%)
2026-05-06 10:51:16,462 [ERROR] [모니터 오류] 069500: 500 Server Error: Internal Server Error for url: https://openapivts.koreainvestment.com:29443/uapi/domestic-stock/v1/quotations/inquire-price?FID_COND_MRKT_DIV_CODE=J&FID_INPUT_ISCD=069500
2026-05-06 10:51:46,961 [INFO] [모니터] KODEX 200(069500) [vol_surge] 매입 111,150 → 현재 112,805 (+1.49%)
2026-05-06 10:52:21,521 [ERROR] [모니터 오류] 069500: 500 Server Error: Internal Server Error for url: https://openapivts.koreainvestment.com:29443/uapi/domestic-stock/v1/quotations/inquire-price?FID_COND_MRKT_DIV_CODE=J&FID_INPUT_ISCD=069500
2026-05-06 10:52:53,382 [INFO] [모니터] KODEX 200(069500) [vol_surge] 매입 111,150 → 현재 112,890 (+1.57%)
2026-05-06 10:53:24,592 [INFO] [모니터] KODEX 200(069500) [vol_surge] 매입 111,150 → 현재 112,870 (+1.55%)
2026-05-06 10:53:55,278 [INFO] [모니터] KODEX 200(069500) [vol_surge] 매입 111,150 → 현재 112,915 (+1.59%)
2026-05-06 10:54:28,631 [INFO] [모니터] KODEX 200(069500) [vol_surge] 매입 111,150 → 현재 112,795 (+1.48%)
2026-05-06 10:55:03,389 [ERROR] [모니터 오류] 069500: 500 Server Error: Internal Server Error for url: https://openapivts.koreainvestment.com:29443/uapi/domestic-stock/v1/quotations/inquire-price?FID_COND_MRKT_DIV_CODE=J&FID_INPUT_ISCD=069500
2026-05-06 10:55:35,310 [INFO] [모니터] KODEX 200(069500) [vol_surge] 매입 111,150 → 현재 112,755 (+1.44%)
2026-05-06 10:56:05,826 [INFO] [모니터] KODEX 200(069500) [vol_surge] 매입 111,150 → 현재 112,660 (+1.36%)
2026-05-06 10:56:37,829 [INFO] [모니터] KODEX 200(069500) [vol_surge] 매입 111,150 → 현재 112,765 (+1.45%)
2026-05-06 10:57:08,274 [INFO] [모니터] KODEX 200(069500) [vol_surge] 매입 111,150 → 현재 112,870 (+1.55%)
2026-05-06 10:57:42,717 [ERROR] [모니터 오류] 069500: 500 Server Error: Internal Server Error for url: https://openapivts.koreainvestment.com:29443/uapi/domestic-stock/v1/quotations/inquire-price?FID_COND_MRKT_DIV_CODE=J&FID_INPUT_ISCD=069500
2026-05-06 10:58:14,282 [INFO] [모니터] KODEX 200(069500) [vol_surge] 매입 111,150 → 현재 112,910 (+1.58%)
2026-05-06 10:58:46,257 [INFO] [모니터] KODEX 200(069500) [vol_surge] 매입 111,150 → 현재 112,945 (+1.61%)
2026-05-06 10:59:16,731 [INFO] [모니터] KODEX 200(069500) [vol_surge] 매입 111,150 → 현재 112,870 (+1.55%)
2026-05-06 10:59:51,242 [INFO] [모니터] KODEX 200(069500) [vol_surge] 매입 111,150 → 현재 112,895 (+1.57%)
2026-05-06 11:00:22,874 [INFO] [모니터] KODEX 200(069500) [vol_surge] 매입 111,150 → 현재 112,910 (+1.58%)
2026-05-06 11:00:53,331 [INFO] [모니터] KODEX 200(069500) [vol_surge] 매입 111,150 → 현재 112,885 (+1.56%)
2026-05-06 11:01:25,550 [INFO] [모니터] KODEX 200(069500) [vol_surge] 매입 111,150 → 현재 112,830 (+1.51%)
2026-05-06 11:01:56,111 [INFO] [모니터] KODEX 200(069500) [vol_surge] 매입 111,150 → 현재 112,845 (+1.52%)
2026-05-06 11:02:32,040 [INFO] [모니터] KODEX 200(069500) [vol_surge] 매입 111,150 → 현재 112,885 (+1.56%)
2026-05-06 11:03:02,867 [INFO] [모니터] KODEX 200(069500) [vol_surge] 매입 111,150 → 현재 112,830 (+1.51%)
2026-05-06 11:03:38,144 [ERROR] [모니터 오류] 069500: 500 Server Error: Internal Server Error for url: https://openapivts.koreainvestment.com:29443/uapi/domestic-stock/v1/quotations/inquire-price?FID_COND_MRKT_DIV_CODE=J&FID_INPUT_ISCD=069500
2026-05-06 11:04:13,612 [INFO] [모니터] KODEX 200(069500) [vol_surge] 매입 111,150 → 현재 112,850 (+1.53%)
2026-05-06 11:04:47,288 [INFO] [모니터] KODEX 200(069500) [vol_surge] 매입 111,150 → 현재 112,830 (+1.51%)
2026-05-06 11:05:17,802 [INFO] [모니터] KODEX 200(069500) [vol_surge] 매입 111,150 → 현재 112,900 (+1.57%)
2026-05-06 11:05:49,751 [INFO] [모니터] KODEX 200(069500) [vol_surge] 매입 111,150 → 현재 112,895 (+1.57%)
2026-05-06 11:06:20,265 [INFO] [모니터] KODEX 200(069500) [vol_surge] 매입 111,150 → 현재 112,720 (+1.41%)
2026-05-06 11:06:55,262 [INFO] [모니터] KODEX 200(069500) [vol_surge] 매입 111,150 → 현재 112,605 (+1.31%)
2026-05-06 11:07:25,808 [INFO] [모니터] KODEX 200(069500) [vol_surge] 매입 111,150 → 현재 112,585 (+1.29%)
2026-05-06 11:07:56,245 [INFO] [모니터] KODEX 200(069500) [vol_surge] 매입 111,150 → 현재 112,590 (+1.30%)
2026-05-06 11:08:26,781 [INFO] [모니터] KODEX 200(069500) [vol_surge] 매입 111,150 → 현재 112,615 (+1.32%)
2026-05-06 11:08:57,377 [INFO] [모니터] KODEX 200(069500) [vol_surge] 매입 111,150 → 현재 112,645 (+1.35%)
2026-05-06 11:09:28,525 [INFO] [모니터] KODEX 200(069500) [vol_surge] 매입 111,150 → 현재 112,665 (+1.36%)
2026-05-06 11:09:59,300 [INFO] [모니터] KODEX 200(069500) [vol_surge] 매입 111,150 → 현재 112,705 (+1.40%)
2026-05-06 11:10:35,483 [INFO] [모니터] KODEX 200(069500) [vol_surge] 매입 111,150 → 현재 112,615 (+1.32%)
2026-05-06 11:11:11,404 [INFO] [모니터] KODEX 200(069500) [vol_surge] 매입 111,150 → 현재 112,535 (+1.25%)
2026-05-06 11:11:46,082 [ERROR] [모니터 오류] 069500: 500 Server Error: Internal Server Error for url: https://openapivts.koreainvestment.com:29443/uapi/domestic-stock/v1/quotations/inquire-price?FID_COND_MRKT_DIV_CODE=J&FID_INPUT_ISCD=069500
2026-05-06 11:12:19,047 [INFO] [모니터] KODEX 200(069500) [vol_surge] 매입 111,150 → 현재 112,515 (+1.23%)
2026-05-06 11:12:49,736 [INFO] [모니터] KODEX 200(069500) [vol_surge] 매입 111,150 → 현재 112,515 (+1.23%)
2026-05-06 11:13:25,715 [INFO] [모니터] KODEX 200(069500) [vol_surge] 매입 111,150 → 현재 112,525 (+1.24%)
2026-05-06 11:14:00,711 [ERROR] [모니터 오류] 069500: 500 Server Error: Internal Server Error for url: https://openapivts.koreainvestment.com:29443/uapi/domestic-stock/v1/quotations/inquire-price?FID_COND_MRKT_DIV_CODE=J&FID_INPUT_ISCD=069500
2026-05-06 11:14:31,253 [INFO] [모니터] KODEX 200(069500) [vol_surge] 매입 111,150 → 현재 112,600 (+1.30%)
2026-05-06 11:15:05,712 [INFO] [모니터] KODEX 200(069500) [vol_surge] 매입 111,150 → 현재 112,610 (+1.31%)
2026-05-06 11:15:36,388 [INFO] [모니터] KODEX 200(069500) [vol_surge] 매입 111,150 → 현재 112,695 (+1.39%)
2026-05-06 11:16:11,231 [INFO] [모니터] KODEX 200(069500) [vol_surge] 매입 111,150 → 현재 112,800 (+1.48%)
2026-05-06 11:16:43,284 [INFO] [모니터] KODEX 200(069500) [vol_surge] 매입 111,150 → 현재 112,870 (+1.55%)
2026-05-06 11:17:19,675 [INFO] [모니터] KODEX 200(069500) [vol_surge] 매입 111,150 → 현재 112,860 (+1.54%)
2026-05-06 11:17:50,287 [INFO] [모니터] KODEX 200(069500) [vol_surge] 매입 111,150 → 현재 112,800 (+1.48%)
2026-05-06 11:18:25,722 [ERROR] [모니터 오류] 069500: 500 Server Error: Internal Server Error for url: https://openapivts.koreainvestment.com:29443/uapi/domestic-stock/v1/quotations/inquire-price?FID_COND_MRKT_DIV_CODE=J&FID_INPUT_ISCD=069500
2026-05-06 11:19:01,941 [ERROR] [모니터 오류] 069500: 500 Server Error: Internal Server Error for url: https://openapivts.koreainvestment.com:29443/uapi/domestic-stock/v1/quotations/inquire-price?FID_COND_MRKT_DIV_CODE=J&FID_INPUT_ISCD=069500
2026-05-06 11:19:36,258 [INFO] [모니터] KODEX 200(069500) [vol_surge] 매입 111,150 → 현재 112,965 (+1.63%)
2026-05-06 11:20:07,902 [INFO] [모니터] KODEX 200(069500) [vol_surge] 매입 111,150 → 현재 112,930 (+1.60%)
2026-05-06 11:20:43,540 [INFO] [모니터] KODEX 200(069500) [vol_surge] 매입 111,150 → 현재 112,950 (+1.62%)
2026-05-06 11:21:16,367 [INFO] [모니터] KODEX 200(069500) [vol_surge] 매입 111,150 → 현재 112,895 (+1.57%)
2026-05-06 11:21:48,307 [INFO] [모니터] KODEX 200(069500) [vol_surge] 매입 111,150 → 현재 112,890 (+1.57%)
2026-05-06 11:22:19,463 [INFO] [모니터] KODEX 200(069500) [vol_surge] 매입 111,150 → 현재 112,915 (+1.59%)
2026-05-06 11:22:51,455 [INFO] [모니터] KODEX 200(069500) [vol_surge] 매입 111,150 → 현재 112,980 (+1.65%)
2026-05-06 11:23:25,055 [INFO] [모니터] KODEX 200(069500) [vol_surge] 매입 111,150 → 현재 112,960 (+1.63%)
2026-05-06 11:23:59,484 [INFO] [모니터] KODEX 200(069500) [vol_surge] 매입 111,150 → 현재 112,980 (+1.65%)
2026-05-06 11:24:33,890 [ERROR] [모니터 오류] 069500: 500 Server Error: Internal Server Error for url: https://openapivts.koreainvestment.com:29443/uapi/domestic-stock/v1/quotations/inquire-price?FID_COND_MRKT_DIV_CODE=J&FID_INPUT_ISCD=069500
2026-05-06 11:25:05,741 [INFO] [모니터] KODEX 200(069500) [vol_surge] 매입 111,150 → 현재 113,020 (+1.68%)
2026-05-06 11:25:39,247 [INFO] [모니터] KODEX 200(069500) [vol_surge] 매입 111,150 → 현재 113,025 (+1.69%)
2026-05-06 11:26:11,554 [INFO] [모니터] KODEX 200(069500) [vol_surge] 매입 111,150 → 현재 113,015 (+1.68%)
2026-05-06 11:26:46,201 [ERROR] [모니터 오류] 069500: 500 Server Error: Internal Server Error for url: https://openapivts.koreainvestment.com:29443/uapi/domestic-stock/v1/quotations/inquire-price?FID_COND_MRKT_DIV_CODE=J&FID_INPUT_ISCD=069500
2026-05-06 11:27:17,510 [INFO] [모니터] KODEX 200(069500) [vol_surge] 매입 111,150 → 현재 112,890 (+1.57%)
2026-05-06 11:27:52,562 [ERROR] [모니터 오류] 069500: 500 Server Error: Internal Server Error for url: https://openapivts.koreainvestment.com:29443/uapi/domestic-stock/v1/quotations/inquire-price?FID_COND_MRKT_DIV_CODE=J&FID_INPUT_ISCD=069500
2026-05-06 11:28:22,875 [INFO] [모니터] KODEX 200(069500) [vol_surge] 매입 111,150 → 현재 112,885 (+1.56%)
2026-05-06 11:29:00,032 [ERROR] [모니터 오류] 069500: 500 Server Error: Internal Server Error for url: https://openapivts.koreainvestment.com:29443/uapi/domestic-stock/v1/quotations/inquire-price?FID_COND_MRKT_DIV_CODE=J&FID_INPUT_ISCD=069500
2026-05-06 11:29:34,633 [ERROR] [모니터 오류] 069500: 500 Server Error: Internal Server Error for url: https://openapivts.koreainvestment.com:29443/uapi/domestic-stock/v1/quotations/inquire-price?FID_COND_MRKT_DIV_CODE=J&FID_INPUT_ISCD=069500
2026-05-06 11:30:08,313 [INFO] [모니터] KODEX 200(069500) [vol_surge] 매입 111,150 → 현재 112,895 (+1.57%)
2026-05-06 11:30:44,267 [INFO] [모니터] KODEX 200(069500) [vol_surge] 매입 111,150 → 현재 112,945 (+1.61%)
2026-05-06 11:31:16,886 [INFO] [모니터] KODEX 200(069500) [vol_surge] 매입 111,150 → 현재 112,975 (+1.64%)
2026-05-06 11:31:51,364 [ERROR] [모니터 오류] 069500: 500 Server Error: Internal Server Error for url: https://openapivts.koreainvestment.com:29443/uapi/domestic-stock/v1/quotations/inquire-price?FID_COND_MRKT_DIV_CODE=J&FID_INPUT_ISCD=069500
2026-05-06 11:32:25,595 [INFO] [모니터] KODEX 200(069500) [vol_surge] 매입 111,150 → 현재 113,160 (+1.81%)
2026-05-06 11:32:57,525 [INFO] [모니터] KODEX 200(069500) [vol_surge] 매입 111,150 → 현재 113,055 (+1.71%)
2026-05-06 11:33:29,698 [INFO] [모니터] KODEX 200(069500) [vol_surge] 매입 111,150 → 현재 113,140 (+1.79%)
2026-05-06 11:34:04,043 [ERROR] [모니터 오류] 069500: 500 Server Error: Internal Server Error for url: https://openapivts.koreainvestment.com:29443/uapi/domestic-stock/v1/quotations/inquire-price?FID_COND_MRKT_DIV_CODE=J&FID_INPUT_ISCD=069500
2026-05-06 11:34:34,451 [INFO] [모니터] KODEX 200(069500) [vol_surge] 매입 111,150 → 현재 113,130 (+1.78%)
2026-05-06 11:35:12,419 [INFO] [모니터] KODEX 200(069500) [vol_surge] 매입 111,150 → 현재 113,145 (+1.79%)
2026-05-06 11:35:44,296 [INFO] [모니터] KODEX 200(069500) [vol_surge] 매입 111,150 → 현재 113,155 (+1.80%)
2026-05-06 11:36:17,333 [INFO] [모니터] KODEX 200(069500) [vol_surge] 매입 111,150 → 현재 113,205 (+1.85%)
2026-05-06 11:36:50,261 [INFO] [모니터] KODEX 200(069500) [vol_surge] 매입 111,150 → 현재 113,185 (+1.83%)
2026-05-06 11:37:25,851 [ERROR] [모니터 오류] 069500: 500 Server Error: Internal Server Error for url: https://openapivts.koreainvestment.com:29443/uapi/domestic-stock/v1/quotations/inquire-price?FID_COND_MRKT_DIV_CODE=J&FID_INPUT_ISCD=069500
2026-05-06 11:37:56,313 [INFO] [모니터] KODEX 200(069500) [vol_surge] 매입 111,150 → 현재 113,195 (+1.84%)
2026-05-06 11:38:26,826 [INFO] [모니터] KODEX 200(069500) [vol_surge] 매입 111,150 → 현재 113,235 (+1.88%)
2026-05-06 11:38:58,790 [INFO] [모니터] KODEX 200(069500) [vol_surge] 매입 111,150 → 현재 113,250 (+1.89%)
2026-05-06 11:39:29,298 [INFO] [모니터] KODEX 200(069500) [vol_surge] 매입 111,150 → 현재 113,205 (+1.85%)
2026-05-06 11:40:00,257 [INFO] [모니터] KODEX 200(069500) [vol_surge] 매입 111,150 → 현재 112,985 (+1.65%)
2026-05-06 11:40:34,549 [INFO] [모니터] KODEX 200(069500) [vol_surge] 매입 111,150 → 현재 112,965 (+1.63%)
2026-05-06 11:41:05,450 [INFO] [모니터] KODEX 200(069500) [vol_surge] 매입 111,150 → 현재 112,910 (+1.58%)
2026-05-06 11:41:40,450 [ERROR] [모니터 오류] 069500: 500 Server Error: Internal Server Error for url: https://openapivts.koreainvestment.com:29443/uapi/domestic-stock/v1/quotations/inquire-price?FID_COND_MRKT_DIV_CODE=J&FID_INPUT_ISCD=069500
2026-05-06 11:42:13,249 [INFO] [모니터] KODEX 200(069500) [vol_surge] 매입 111,150 → 현재 112,770 (+1.46%)
2026-05-06 11:42:47,632 [ERROR] [모니터 오류] 069500: 500 Server Error: Internal Server Error for url: https://openapivts.koreainvestment.com:29443/uapi/domestic-stock/v1/quotations/inquire-price?FID_COND_MRKT_DIV_CODE=J&FID_INPUT_ISCD=069500
2026-05-06 11:43:17,967 [INFO] [모니터] KODEX 200(069500) [vol_surge] 매입 111,150 → 현재 112,565 (+1.27%)
2026-05-06 11:43:50,735 [INFO] [모니터] KODEX 200(069500) [vol_surge] 매입 111,150 → 현재 112,535 (+1.25%)
2026-05-06 11:44:21,230 [INFO] [모니터] KODEX 200(069500) [vol_surge] 매입 111,150 → 현재 112,725 (+1.42%)
2026-05-06 11:44:55,524 [ERROR] [모니터 오류] 069500: 500 Server Error: Internal Server Error for url: https://openapivts.koreainvestment.com:29443/uapi/domestic-stock/v1/quotations/inquire-price?FID_COND_MRKT_DIV_CODE=J&FID_INPUT_ISCD=069500
2026-05-06 11:45:31,190 [ERROR] [모니터 오류] 069500: 500 Server Error: Internal Server Error for url: https://openapivts.koreainvestment.com:29443/uapi/domestic-stock/v1/quotations/inquire-price?FID_COND_MRKT_DIV_CODE=J&FID_INPUT_ISCD=069500
2026-05-06 11:46:03,112 [INFO] [모니터] KODEX 200(069500) [vol_surge] 매입 111,150 → 현재 112,775 (+1.46%)
2026-05-06 11:46:34,382 [INFO] [모니터] KODEX 200(069500) [vol_surge] 매입 111,150 → 현재 112,755 (+1.44%)
2026-05-06 11:47:10,324 [INFO] [모니터] KODEX 200(069500) [vol_surge] 매입 111,150 → 현재 112,785 (+1.47%)
2026-05-06 11:47:42,291 [INFO] [모니터] KODEX 200(069500) [vol_surge] 매입 111,150 → 현재 112,830 (+1.51%)
2026-05-06 11:48:13,275 [INFO] [모니터] KODEX 200(069500) [vol_surge] 매입 111,150 → 현재 112,885 (+1.56%)
2026-05-06 11:48:45,038 [INFO] [모니터] KODEX 200(069500) [vol_surge] 매입 111,150 → 현재 112,750 (+1.44%)
2026-05-06 11:49:15,467 [INFO] [모니터] KODEX 200(069500) [vol_surge] 매입 111,150 → 현재 112,855 (+1.53%)
2026-05-06 11:49:45,888 [INFO] [모니터] KODEX 200(069500) [vol_surge] 매입 111,150 → 현재 112,880 (+1.56%)
2026-05-06 11:50:19,733 [INFO] [모니터] KODEX 200(069500) [vol_surge] 매입 111,150 → 현재 112,825 (+1.51%)
2026-05-06 11:50:50,332 [INFO] [모니터] KODEX 200(069500) [vol_surge] 매입 111,150 → 현재 112,860 (+1.54%)
2026-05-06 11:51:21,535 [INFO] [모니터] KODEX 200(069500) [vol_surge] 매입 111,150 → 현재 112,885 (+1.56%)
2026-05-06 11:51:53,557 [INFO] [모니터] KODEX 200(069500) [vol_surge] 매입 111,150 → 현재 112,870 (+1.55%)
2026-05-06 11:52:24,369 [INFO] [모니터] KODEX 200(069500) [vol_surge] 매입 111,150 → 현재 112,905 (+1.58%)
2026-05-06 11:52:56,351 [INFO] [모니터] KODEX 200(069500) [vol_surge] 매입 111,150 → 현재 112,900 (+1.57%)
2026-05-06 11:53:26,779 [INFO] [모니터] KODEX 200(069500) [vol_surge] 매입 111,150 → 현재 112,890 (+1.57%)
2026-05-06 11:54:01,245 [INFO] [모니터] KODEX 200(069500) [vol_surge] 매입 111,150 → 현재 112,875 (+1.55%)
2026-05-06 11:54:32,659 [INFO] [모니터] KODEX 200(069500) [vol_surge] 매입 111,150 → 현재 112,825 (+1.51%)
2026-05-06 11:55:03,546 [INFO] [모니터] KODEX 200(069500) [vol_surge] 매입 111,150 → 현재 112,870 (+1.55%)
2026-05-06 11:55:35,579 [INFO] [모니터] KODEX 200(069500) [vol_surge] 매입 111,150 → 현재 112,890 (+1.57%)
2026-05-06 11:56:09,819 [INFO] [모니터] KODEX 200(069500) [vol_surge] 매입 111,150 → 현재 112,865 (+1.54%)
2026-05-06 11:56:40,415 [INFO] [모니터] KODEX 200(069500) [vol_surge] 매입 111,150 → 현재 112,880 (+1.56%)
2026-05-06 11:57:16,154 [ERROR] [모니터 오류] 069500: 500 Server Error: Internal Server Error for url: https://openapivts.koreainvestment.com:29443/uapi/domestic-stock/v1/quotations/inquire-price?FID_COND_MRKT_DIV_CODE=J&FID_INPUT_ISCD=069500
2026-05-06 11:57:50,924 [ERROR] [모니터 오류] 069500: 500 Server Error: Internal Server Error for url: https://openapivts.koreainvestment.com:29443/uapi/domestic-stock/v1/quotations/inquire-price?FID_COND_MRKT_DIV_CODE=J&FID_INPUT_ISCD=069500
2026-05-06 11:58:23,367 [INFO] [모니터] KODEX 200(069500) [vol_surge] 매입 111,150 → 현재 113,045 (+1.70%)
2026-05-06 11:58:54,515 [INFO] [모니터] KODEX 200(069500) [vol_surge] 매입 111,150 → 현재 113,045 (+1.70%)
2026-05-06 11:59:27,109 [INFO] [모니터] KODEX 200(069500) [vol_surge] 매입 111,150 → 현재 113,020 (+1.68%)
2026-05-06 12:00:02,515 [ERROR] [모니터 오류] 069500: 500 Server Error: Internal Server Error for url: https://openapivts.koreainvestment.com:29443/uapi/domestic-stock/v1/quotations/inquire-price?FID_COND_MRKT_DIV_CODE=J&FID_INPUT_ISCD=069500
2026-05-06 12:00:40,618 [ERROR] [모니터 오류] 069500: 500 Server Error: Internal Server Error for url: https://openapivts.koreainvestment.com:29443/uapi/domestic-stock/v1/quotations/inquire-price?FID_COND_MRKT_DIV_CODE=J&FID_INPUT_ISCD=069500
2026-05-06 12:01:13,641 [INFO] [모니터] KODEX 200(069500) [vol_surge] 매입 111,150 → 현재 112,935 (+1.61%)
2026-05-06 12:01:49,165 [ERROR] [모니터 오류] 069500: 500 Server Error: Internal Server Error for url: https://openapivts.koreainvestment.com:29443/uapi/domestic-stock/v1/quotations/inquire-price?FID_COND_MRKT_DIV_CODE=J&FID_INPUT_ISCD=069500
2026-05-06 12:02:21,109 [INFO] [모니터] KODEX 200(069500) [vol_surge] 매입 111,150 → 현재 113,150 (+1.80%)
2026-05-06 12:02:55,574 [INFO] [모니터] KODEX 200(069500) [vol_surge] 매입 111,150 → 현재 113,175 (+1.82%)
2026-05-06 12:03:27,285 [INFO] [모니터] KODEX 200(069500) [vol_surge] 매입 111,150 → 현재 113,210 (+1.85%)
2026-05-06 12:03:59,100 [INFO] [모니터] KODEX 200(069500) [vol_surge] 매입 111,150 → 현재 113,215 (+1.86%)
2026-05-06 12:04:34,423 [INFO] [모니터] KODEX 200(069500) [vol_surge] 매입 111,150 → 현재 113,200 (+1.84%)
2026-05-06 12:05:14,061 [INFO] [모니터] KODEX 200(069500) [vol_surge] 매입 111,150 → 현재 113,240 (+1.88%)
2026-05-06 12:05:44,566 [INFO] [모니터] KODEX 200(069500) [vol_surge] 매입 111,150 → 현재 113,280 (+1.92%)
2026-05-06 12:06:18,416 [INFO] [모니터] KODEX 200(069500) [vol_surge] 매입 111,150 → 현재 113,330 (+1.96%)
2026-05-06 12:06:53,715 [ERROR] [모니터 오류] 069500: 500 Server Error: Internal Server Error for url: https://openapivts.koreainvestment.com:29443/uapi/domestic-stock/v1/quotations/inquire-price?FID_COND_MRKT_DIV_CODE=J&FID_INPUT_ISCD=069500
2026-05-06 12:07:26,630 [INFO] [모니터] KODEX 200(069500) [vol_surge] 매입 111,150 → 현재 113,335 (+1.97%)
2026-05-06 12:07:57,256 [INFO] [모니터] KODEX 200(069500) [vol_surge] 매입 111,150 → 현재 113,285 (+1.92%)
2026-05-06 12:08:31,565 [INFO] [모니터] KODEX 200(069500) [vol_surge] 매입 111,150 → 현재 113,250 (+1.89%)
2026-05-06 12:09:06,461 [INFO] [모니터] KODEX 200(069500) [vol_surge] 매입 111,150 → 현재 113,300 (+1.93%)
2026-05-06 12:09:38,736 [INFO] [모니터] KODEX 200(069500) [vol_surge] 매입 111,150 → 현재 113,275 (+1.91%)
2026-05-06 12:10:12,812 [INFO] [모니터] KODEX 200(069500) [vol_surge] 매입 111,150 → 현재 113,305 (+1.94%)
2026-05-06 12:10:44,158 [INFO] [모니터] KODEX 200(069500) [vol_surge] 매입 111,150 → 현재 113,325 (+1.96%)
2026-05-06 12:11:17,472 [INFO] [모니터] KODEX 200(069500) [vol_surge] 매입 111,150 → 현재 113,355 (+1.98%)
2026-05-06 12:11:52,227 [ERROR] [모니터 오류] 069500: 500 Server Error: Internal Server Error for url: https://openapivts.koreainvestment.com:29443/uapi/domestic-stock/v1/quotations/inquire-price?FID_COND_MRKT_DIV_CODE=J&FID_INPUT_ISCD=069500
2026-05-06 12:12:26,655 [INFO] [모니터] KODEX 200(069500) [vol_surge] 매입 111,150 → 현재 113,430 (+2.05%)
2026-05-06 12:12:26,655 [INFO] [익절] KODEX 200(069500) [vol_surge] +2.05% → 매도
2026-05-06 12:12:27,044 [ERROR] [모니터 오류] 069500: 500 Server Error: Internal Server Error for url: https://openapivts.koreainvestment.com:29443/uapi/domestic-stock/v1/trading/order-cash
2026-05-06 12:12:58,334 [INFO] [모니터] KODEX 200(069500) [vol_surge] 매입 111,150 → 현재 113,500 (+2.11%)
2026-05-06 12:12:58,334 [INFO] [익절] KODEX 200(069500) [vol_surge] +2.11% → 매도
2026-05-06 12:12:58,716 [ERROR] [모니터 오류] 069500: 500 Server Error: Internal Server Error for url: https://openapivts.koreainvestment.com:29443/uapi/domestic-stock/v1/trading/order-cash
2026-05-06 12:13:31,630 [INFO] [모니터] KODEX 200(069500) [vol_surge] 매입 111,150 → 현재 113,515 (+2.13%)
2026-05-06 12:13:31,630 [INFO] [익절] KODEX 200(069500) [vol_surge] +2.13% → 매도
2026-05-06 15:20:05,197 [INFO] [vol_surge] 15:20 — 미청산 포지션 없음
2026-05-06 15:30:07,480 [INFO] [vol_surge] 결산 전송 완료
2026-05-06 15:30:07,481 [INFO] [vol_surge] 오늘 거래 완료. 프로세스 종료.
